logesh_swami@logeshshk:~/eur_linux_assigenments/Lokesh/module2$ mkdir question3
logesh_swami@logeshshk:~/eur_linux_assigenments/Lokesh/module2$ cd question3
logesh_swami@logeshshk:~/eur_linux_assigenments/Lokesh/module2/question3$
logesh_swami@logeshshk:~/eur_linux_assigenments/Lokesh/module2/question3$ nano log.txt
logesh_swami@logeshshk:~/eur_linux_assigenments/Lokesh/module2/question3$ cat log.txt

log:
DEBUG: Starting the application initialization.
ERROR: Unable to connect to the database.
INFO: User 'admin' logged in successfully.
DEBUG: Fetching configuration settings from the server.
ERROR: DEBUG - Configuration settings could not be applied.
INFO: Scheduled job 'backup' completed successfully.
DEBUG: Connection to server timed out. Retrying...
ERROR: Failed to fetch data from API endpoint '/users'.
INFO: Maintenance mode activated.
ERROR: DEBUG - Query execution failed due to a syntax error.
DEBUG: Reloading application modules.
ERROR: Missing required parameter in the request.
INFO: Shutting down the system gracefully.
DEBUG: Closing unused network connections.
ERROR: DEBUG - Unexpected server response received.

logesh_swami@logeshshk:~/eur_linux_assigenments/Lokesh/module2/question3$
logesh_swami@logeshshk:~/eur_linux_assigenments/Lokesh/module2/question3$
logesh_swami@logeshshk:~/eur_linux_assigenments/Lokesh/module2/question3$ grep -iP '^(?!.*debug).*error.*' log.txt > filtered_log.txt
logesh_swami@logeshshk:~/eur_linux_assigenments/Lokesh/module2/question3$

logesh_swami@logeshshk:~/eur_linux_assigenments/Lokesh/module2/question3$ cat filtered_log.txt
ERROR: Unable to connect to the database.
ERROR: Failed to fetch data from API endpoint '/users'.
ERROR: Missing required parameter in the request.
